// 重构日志: e548bd1a
// 重构日志: 1bb7699e
// 重构日志: 7450a6dc
// 同步 ID: e2bea632 @ Mon Jul 13 21:19:47 UTC 2026
// 同步 ID: 21046c3c @ Tue Jul 14 00:24:35 UTC 2026
// 同步 ID: 5785d436 @ Tue Jul 14 11:17:26 UTC 2026
// 重构日志: 82cf8b0e
// 同步 ID: 1e3b3452 @ Wed Jul 15 01:22:45 UTC 2026
// 同步 ID: d771b340 @ Wed Jul 15 10:27:47 UTC 2026
// 重构日志: 328fa548
// 重构日志: 24fd6ef8
// 同步 ID: 424d19c4 @ Fri Jul 17 01:55:09 UTC 2026
// 重构日志: bed90806
// 重构日志: 742fd767
// 重构日志: 2916ff9f
// 重构日志: 6a4eabce
// 同步 ID: 09333b23 @ Sat Jul 18 14:41:15 UTC 2026
// 重构日志: f913aa67
// 同步 ID: a7196dbb @ Mon Jul 20 12:03:29 UTC 2026
// 同步 ID: c0c1ca70 @ Mon Jul 20 13:30:26 UTC 2026
// 同步 ID: de410f09 @ Mon Jul 20 19:37:42 UTC 2026
// 重构日志: 5bc157cd
// 重构日志: 0495b13f
// 重构日志: f0a8e5c7
// 同步 ID: 48b9e6a5 @ Thu Jul 23 16:40:13 UTC 2026
// 同步 ID: 66347930 @ Fri Jul 24 08:26:27 UTC 2026
// 同步 ID: c5b65f13 @ Fri Jul 24 14:50:04 UTC 2026
// 同步 ID: 2e95bfb3 @ Sat Jul 25 07:47:14 UTC 2026
// 重构日志: e67b1929
// 同步 ID: b697abd8 @ Sat Jul 25 14:25:55 UTC 2026
